[2025-03-30T10:37:23.752+0000] {local_task_job_runner.py:123} INFO - ::group::Pre task execution logs
[2025-03-30T10:37:23.861+0000] {taskinstance.py:2613} INFO - Dependencies all met for dep_context=non-requeueable deps ti=<TaskInstance: aqi_etl_pipeline.validate_aqi_data_Samut_Sakhon manual__2025-03-30T10:37:03.706469+00:00 [queued]>
[2025-03-30T10:37:23.950+0000] {taskinstance.py:2613} INFO - Dependencies all met for dep_context=requeueable deps ti=<TaskInstance: aqi_etl_pipeline.validate_aqi_data_Samut_Sakhon manual__2025-03-30T10:37:03.706469+00:00 [queued]>
[2025-03-30T10:37:23.950+0000] {taskinstance.py:2866} INFO - Starting attempt 1 of 1
[2025-03-30T10:37:24.094+0000] {taskinstance.py:2889} INFO - Executing <Task(PythonOperator): validate_aqi_data_Samut_Sakhon> on 2025-03-30 10:37:03.706469+00:00
[2025-03-30T10:37:24.171+0000] {logging_mixin.py:190} WARNING - /home/***/.local/lib/python3.12/site-packages/***/task/task_runner/standard_task_runner.py:70 DeprecationWarning: This process (pid=51644) is multi-threaded, use of fork() may lead to deadlocks in the child.
[2025-03-30T10:37:24.172+0000] {standard_task_runner.py:72} INFO - Started process 51743 to run task
[2025-03-30T10:37:24.170+0000] {standard_task_runner.py:104} INFO - Running: ['***', 'tasks', 'run', 'aqi_etl_pipeline', 'validate_aqi_data_Samut_Sakhon', 'manual__2025-03-30T10:37:03.706469+00:00', '--job-id', '496', '--raw', '--subdir', 'DAGS_FOLDER/api_etl_pipeline.py', '--cfg-path', '/tmp/tmpha_2axw5']
[2025-03-30T10:37:24.176+0000] {standard_task_runner.py:105} INFO - Job 496: Subtask validate_aqi_data_Samut_Sakhon
[2025-03-30T10:37:24.559+0000] {task_command.py:467} INFO - Running <TaskInstance: aqi_etl_pipeline.validate_aqi_data_Samut_Sakhon manual__2025-03-30T10:37:03.706469+00:00 [running]> on host 58b9640d9ecf
[2025-03-30T10:37:25.202+0000] {taskinstance.py:3132} INFO - Exporting env vars: AIRFLOW_CTX_DAG_OWNER='***' AIRFLOW_CTX_DAG_ID='aqi_etl_pipeline' AIRFLOW_CTX_TASK_ID='validate_aqi_data_Samut_Sakhon' AIRFLOW_CTX_EXECUTION_DATE='2025-03-30T10:37:03.706469+00:00' AIRFLOW_CTX_TRY_NUMBER='1' AIRFLOW_CTX_DAG_RUN_ID='manual__2025-03-30T10:37:03.706469+00:00'
[2025-03-30T10:37:25.205+0000] {logging_mixin.py:190} INFO - Task instance is in running state
[2025-03-30T10:37:25.208+0000] {logging_mixin.py:190} INFO -  Previous state of the Task instance: queued
[2025-03-30T10:37:25.209+0000] {logging_mixin.py:190} INFO - Current task name:validate_aqi_data_Samut_Sakhon state:running start_date:2025-03-30 10:37:23.863924+00:00
[2025-03-30T10:37:25.209+0000] {logging_mixin.py:190} INFO - Dag name:aqi_etl_pipeline and current dag run status:running
[2025-03-30T10:37:25.210+0000] {taskinstance.py:731} INFO - ::endgroup::
[2025-03-30T10:37:25.210+0000] {logging_mixin.py:190} INFO - ‚ùå File Not Found: /opt/***/dags/aqi_data_Samut_Sakhon.json
[2025-03-30T10:37:25.211+0000] {taskinstance.py:3311} ERROR - Task failed with exception
Traceback (most recent call last):
  File "/opt/airflow/dags/api_etl_pipeline.py", line 63, in _validate_aqi_data
    with open(f"{DAG_FOLDER}/aqi_data_{city}.json", "r") as f:
         ^^^^^^^^^^^^^^^^^^^^^^^^^^^^^^^^^^^^^^^^^^^^^^^
FileNotFoundError: [Errno 2] No such file or directory: '/opt/airflow/dags/aqi_data_Samut_Sakhon.json'

During handling of the above exception, another exception occurred:

Traceback (most recent call last):
  File "/home/airflow/.local/lib/python3.12/site-packages/airflow/models/taskinstance.py", line 767, in _execute_task
    result = _execute_callable(context=context, **execute_callable_kwargs)
             ^^^^^^^^^^^^^^^^^^^^^^^^^^^^^^^^^^^^^^^^^^^^^^^^^^^^^^^^^^^^^
  File "/home/airflow/.local/lib/python3.12/site-packages/airflow/models/taskinstance.py", line 733, in _execute_callable
    return ExecutionCallableRunner(
           ^^^^^^^^^^^^^^^^^^^^^^^^
  File "/home/airflow/.local/lib/python3.12/site-packages/airflow/utils/operator_helpers.py", line 252, in run
    return self.func(*args, **kwargs)
           ^^^^^^^^^^^^^^^^^^^^^^^^^^
  File "/home/airflow/.local/lib/python3.12/site-packages/airflow/models/baseoperator.py", line 422, in wrapper
    return func(self, *args, **kwargs)
           ^^^^^^^^^^^^^^^^^^^^^^^^^^^
  File "/home/airflow/.local/lib/python3.12/site-packages/airflow/operators/python.py", line 238, in execute
    return_value = self.execute_callable()
                   ^^^^^^^^^^^^^^^^^^^^^^^
  File "/home/airflow/.local/lib/python3.12/site-packages/airflow/operators/python.py", line 256, in execute_callable
    return runner.run(*self.op_args, **self.op_kwargs)
           ^^^^^^^^^^^^^^^^^^^^^^^^^^^^^^^^^^^^^^^^^^^
  File "/home/airflow/.local/lib/python3.12/site-packages/airflow/utils/operator_helpers.py", line 252, in run
    return self.func(*args, **kwargs)
           ^^^^^^^^^^^^^^^^^^^^^^^^^^
  File "/opt/airflow/dags/api_etl_pipeline.py", line 95, in _validate_aqi_data
    raise ValueError(f"Missing data file for {city}. Please check API request.")
ValueError: Missing data file for Samut_Sakhon. Please check API request.
[2025-03-30T10:37:25.222+0000] {logging_mixin.py:190} INFO - Task instance in failure state
[2025-03-30T10:37:25.222+0000] {logging_mixin.py:190} INFO - Task start:2025-03-30 10:37:23.863924+00:00 end:2025-03-30 10:37:25.222044+00:00 duration:1.35812
[2025-03-30T10:37:25.223+0000] {logging_mixin.py:190} INFO - Task:<Task(PythonOperator): validate_aqi_data_Samut_Sakhon> dag:<DAG: aqi_etl_pipeline> dagrun:<DagRun aqi_etl_pipeline @ 2025-03-30 10:37:03.706469+00:00: manual__2025-03-30T10:37:03.706469+00:00, state:running, queued_at: 2025-03-30 10:37:03.720323+00:00. externally triggered: True>
[2025-03-30T10:37:25.223+0000] {logging_mixin.py:190} INFO - Failure caused by Missing data file for Samut_Sakhon. Please check API request.
[2025-03-30T10:37:25.223+0000] {taskinstance.py:1225} INFO - Marking task as FAILED. dag_id=aqi_etl_pipeline, task_id=validate_aqi_data_Samut_Sakhon, run_id=manual__2025-03-30T10:37:03.706469+00:00, execution_date=20250330T103703, start_date=20250330T103723, end_date=20250330T103725
[2025-03-30T10:37:25.446+0000] {taskinstance.py:340} INFO - ::group::Post task execution logs
[2025-03-30T10:37:25.450+0000] {standard_task_runner.py:124} ERROR - Failed to execute job 496 for task validate_aqi_data_Samut_Sakhon (Missing data file for Samut_Sakhon. Please check API request.; 51743)
Traceback (most recent call last):
  File "/opt/airflow/dags/api_etl_pipeline.py", line 63, in _validate_aqi_data
    with open(f"{DAG_FOLDER}/aqi_data_{city}.json", "r") as f:
         ^^^^^^^^^^^^^^^^^^^^^^^^^^^^^^^^^^^^^^^^^^^^^^^
FileNotFoundError: [Errno 2] No such file or directory: '/opt/airflow/dags/aqi_data_Samut_Sakhon.json'

During handling of the above exception, another exception occurred:

Traceback (most recent call last):
  File "/home/airflow/.local/lib/python3.12/site-packages/airflow/task/task_runner/standard_task_runner.py", line 117, in _start_by_fork
    ret = args.func(args, dag=self.dag)
          ^^^^^^^^^^^^^^^^^^^^^^^^^^^^^
  File "/home/airflow/.local/lib/python3.12/site-packages/airflow/cli/cli_config.py", line 49, in command
    return func(*args, **kwargs)
           ^^^^^^^^^^^^^^^^^^^^^
  File "/home/airflow/.local/lib/python3.12/site-packages/airflow/utils/cli.py", line 116, in wrapper
    return f(*args, **kwargs)
           ^^^^^^^^^^^^^^^^^^
  File "/home/airflow/.local/lib/python3.12/site-packages/airflow/cli/commands/task_command.py", line 483, in task_run
    task_return_code = _run_task_by_selected_method(args, _dag, ti)
                       ^^^^^^^^^^^^^^^^^^^^^^^^^^^^^^^^^^^^^^^^^^^^
  File "/home/airflow/.local/lib/python3.12/site-packages/airflow/cli/commands/task_command.py", line 256, in _run_task_by_selected_method
    return _run_raw_task(args, ti)
           ^^^^^^^^^^^^^^^^^^^^^^^
  File "/home/airflow/.local/lib/python3.12/site-packages/airflow/cli/commands/task_command.py", line 341, in _run_raw_task
    return ti._run_raw_task(
           ^^^^^^^^^^^^^^^^^
  File "/home/airflow/.local/lib/python3.12/site-packages/airflow/utils/session.py", line 97, in wrapper
    return func(*args, session=session, **kwargs)
           ^^^^^^^^^^^^^^^^^^^^^^^^^^^^^^^^^^^^^^
  File "/home/airflow/.local/lib/python3.12/site-packages/airflow/models/taskinstance.py", line 3005, in _run_raw_task
    return _run_raw_task(
           ^^^^^^^^^^^^^^
  File "/home/airflow/.local/lib/python3.12/site-packages/airflow/models/taskinstance.py", line 273, in _run_raw_task
    TaskInstance._execute_task_with_callbacks(
  File "/home/airflow/.local/lib/python3.12/site-packages/airflow/models/taskinstance.py", line 3159, in _execute_task_with_callbacks
    result = self._execute_task(context, task_orig)
             ^^^^^^^^^^^^^^^^^^^^^^^^^^^^^^^^^^^^^^
  File "/home/airflow/.local/lib/python3.12/site-packages/airflow/models/taskinstance.py", line 3183, in _execute_task
    return _execute_task(self, context, task_orig)
           ^^^^^^^^^^^^^^^^^^^^^^^^^^^^^^^^^^^^^^^
  File "/home/airflow/.local/lib/python3.12/site-packages/airflow/models/taskinstance.py", line 767, in _execute_task
    result = _execute_callable(context=context, **execute_callable_kwargs)
             ^^^^^^^^^^^^^^^^^^^^^^^^^^^^^^^^^^^^^^^^^^^^^^^^^^^^^^^^^^^^^
  File "/home/airflow/.local/lib/python3.12/site-packages/airflow/models/taskinstance.py", line 733, in _execute_callable
    return ExecutionCallableRunner(
           ^^^^^^^^^^^^^^^^^^^^^^^^
  File "/home/airflow/.local/lib/python3.12/site-packages/airflow/utils/operator_helpers.py", line 252, in run
    return self.func(*args, **kwargs)
           ^^^^^^^^^^^^^^^^^^^^^^^^^^
  File "/home/airflow/.local/lib/python3.12/site-packages/airflow/models/baseoperator.py", line 422, in wrapper
    return func(self, *args, **kwargs)
           ^^^^^^^^^^^^^^^^^^^^^^^^^^^
  File "/home/airflow/.local/lib/python3.12/site-packages/airflow/operators/python.py", line 238, in execute
    return_value = self.execute_callable()
                   ^^^^^^^^^^^^^^^^^^^^^^^
  File "/home/airflow/.local/lib/python3.12/site-packages/airflow/operators/python.py", line 256, in execute_callable
    return runner.run(*self.op_args, **self.op_kwargs)
           ^^^^^^^^^^^^^^^^^^^^^^^^^^^^^^^^^^^^^^^^^^^
  File "/home/airflow/.local/lib/python3.12/site-packages/airflow/utils/operator_helpers.py", line 252, in run
    return self.func(*args, **kwargs)
           ^^^^^^^^^^^^^^^^^^^^^^^^^^
  File "/opt/airflow/dags/api_etl_pipeline.py", line 95, in _validate_aqi_data
    raise ValueError(f"Missing data file for {city}. Please check API request.")
ValueError: Missing data file for Samut_Sakhon. Please check API request.
[2025-03-30T10:37:25.532+0000] {local_task_job_runner.py:266} INFO - Task exited with return code 1
[2025-03-30T10:37:25.690+0000] {taskinstance.py:3895} INFO - 0 downstream tasks scheduled from follow-on schedule check
[2025-03-30T10:37:25.714+0000] {local_task_job_runner.py:245} INFO - ::endgroup::
